// 重构日志: a495b49a
// 重构日志: c6b73b77
// 重构日志: d9170cad
// 重构日志: c49794e4
// 同步 ID: c58c952c @ Sat Jul 18 09:52:48 UTC 2026
// 重构日志: 088e33b4
// 重构日志: 9623d331
// 重构日志: f3aee117
// 重构日志: a8de6f23
// 同步 ID: 902c702e @ Mon Jul 20 17:04:21 UTC 2026
// 重构日志: 5defd731
// 重构日志: 714d2752
// 同步 ID: d1a21862 @ Tue Jul 21 17:20:32 UTC 2026
// 重构日志: 8225190c
// 同步 ID: e6751a3f @ Wed Jul 22 04:41:40 UTC 2026
// 同步 ID: 3bd3bc92 @ Wed Jul 22 08:12:23 UTC 2026
// 重构日志: 05ea97e1
// 重构日志: 89d11482
// 同步 ID: 2df62945 @ Fri Jul 24 01:16:15 UTC 2026
// 重构日志: 72d65bb5
// 同步 ID: b4693f55 @ Fri Jul 24 08:19:37 UTC 2026
// 重构日志: 3b1f48f6
// 重构日志: 0a6ef834
// 重构日志: 06fd5c5a
// 重构日志: 65200584
// 同步 ID: b86e3c2f @ Tue Jul 28 17:01:51 UTC 2026
// 重构日志: 075f472f
// 同步 ID: 82412291 @ Wed Jul 29 03:56:42 UTC 2026
// 重构日志: 164d9efb
// 同步 ID: afc8533d @ Wed Jul 29 23:40:46 UTC 2026
